
 ⛅️ wrangler 3.114.17 (update available 4.76.0)
-----------------------------------------------

[33m▲ [43;33m[[43;30mWARNING[43;33m][0m [1mThe version of Wrangler you are using is now out-of-date.[0m

  Please update to the latest version to prevent critical errors.
  Run `npm install --save-dev wrangler@4` to update to the latest version.
  After installation, run Wrangler with `npx wrangler`.


✨ Compiled Worker successfully
Your Worker and resources are simulated locally via Miniflare. For more information, see: https://developers.cloudflare.com/workers/testing/local-development.

Your worker has access to the following bindings:
- D1 Databases:
  - DB: local-DB (DB) [simulated locally]
⎔ Starting local server...
[31m✘ [41;31m[[41;97mERROR[41;31m][0m [31m✘ [41;31m[[41;97mERROR[41;31m][0m [1mError: D1_ERROR: no such table: funnels: SQLITE_ERROR[0m

      at D1DatabaseSessionAlwaysPrimary._sendOrThrow (cloudflare-internal:d1-api:125:19)
      at async D1PreparedStatement.all (cloudflare-internal:d1-api:310:46)
      ... 6 lines matching cause stack trace ...
      at async drainBody (file:///app/applet/node_modules/wrangler/templates/middleware/middleware-ensure-req-body-drained.ts:5:10) {
    [cause]: Error: no such table: funnels: SQLITE_ERROR
        at D1DatabaseSessionAlwaysPrimary._sendOrThrow (cloudflare-internal:d1-api:126:24)
        at async D1PreparedStatement.all (cloudflare-internal:d1-api:310:46)
        at async Array.<anonymous> (file:///app/applet/functions/api/[[route]].ts:12:23)
        at async next (file:///app/applet/node_modules/wrangler/templates/pages-template-worker.ts:161:22)
        at async Object.fetch (file:///app/applet/node_modules/wrangler/templates/pages-template-worker.ts:180:11)
        at async jsonError (file:///app/applet/node_modules/wrangler/templates/middleware/middleware-miniflare3-json-error.ts:22:10)
        at async drainBody (file:///app/applet/node_modules/wrangler/templates/middleware/middleware-ensure-req-body-drained.ts:5:10)
        at async jsonError (file:///app/applet/node_modules/wrangler/templates/middleware/middleware-miniflare3-json-error.ts:22:10)
        at async drainBody (file:///app/applet/node_modules/wrangler/templates/middleware/middleware-ensure-req-body-drained.ts:5:10)
  }


[wrangler:inf] GET /api/funnels 500 Internal Server Error (32ms)
/new/choose[0m
Note that there is a newer version of Wrangler available (4.76.0). Consider checking whether upgrading resolves this error.
? Would you like to report this error to Cloudflare? Wrangler's output and the error details will be shared with the Wrangler team to help us diagnose and fix the issue.
🤖 Using fallback value in non-interactive context: no
🪵  Logs were written to "/root/.config/.wrangler/logs/wrangler-2026-03-22_16-16-43_400.log"
